Testing with config:
- Base URL: https://cloud.docbox.eu
- API Key: 7eaedb89-f...
- Cloud ID: 9011-1442-7077-2561

[DEBUG] Requesting URL: https://cloud.docbox.eu/api/v2/archivestructure
[DEBUG] this.config.cloudId: 9011-1442-7077-2561
[DEBUG] Cloud-ID header added: 9011-1442-7077-2561
[DEBUG] Request headers: {
  "API-Key": "7eaedb89-f08a-4d7f-b9d2-20d81ec00455",
  "Cloud-ID": "9011-1442-7077-2561",
  "Accept": "application/json"
}

ÔØî API Error:
Status: 404
Message: API request failed: Not Found

Full Response Body:
<!DOCTYPE html><html><head><meta charset="utf-8" ><meta name="viewport" content="width=device-width, initial-scale=1.0, user-scalable=no"/><meta name="MobileOptimized" content="320"/><meta name="msapplication-TileColor" content="#2a3f54"/><meta name="theme-color" content="#2a3f54"/><title>DOCBOX┬« - Seite nicht gefunden</title><link rel="stylesheet"  href="/css/screen.css"  type="text/css"  media="screen" ><style type="text/css" ></style></head><body><div class="page page--login"><div class="login-container"><div class="row justify-content-between flex-row-reverse"><div class="col-md-12 text-center"><span class="logo logo-200x17"></span><div class="text-center"><h1>404 - Seite nicht gefunden</h1><a href="/start">Zur├╝ck zur Startseite</a></div></div></div></div><div class="login-footer"><div class="login-label login-version">DOCBOX┬« 8.1.9 - ┬® aktivweb System- und Datentechnik GmbH</div></div></div><footer><script type="text/javascript"  src="/javascript/vendor/jquery-3.7.1/jquery.min.js" ></script><script type="text/javascript"  src="/javascript/vendor/jquery-ui-1.13.3/jquery-ui.min.js" ></script><script type="text/javascript"  src="/javascript/vendor/parsley.js-2.9.2/parsley.min.js" ></script><script type="text/javascript"  src="/javascript/vendor/parsley.js-2.9.2/i18n/de.js" ></script><script type="text/javascript"  src="/javascript/vendor/popper-1.16.1/popper.min.js" ></script><script type="text/javascript"  src="/javascript/vendor/booststrap-4.6.0/util.js" ></script><script type="text/javascript"  src="/javascript/vendor/booststrap-4.6.0/tooltip.js" ></script><script type="text/javascript"  src="/javascript/vendor/booststrap-4.6.0/popover.js" ></script><script type="text/javascript"  src="/javascript/vendor/booststrap-4.6.0/dropdown.js" ></script><script type="text/javascript"  src="/javascript/vendor/booststrap-4.6.0/modal.js" ></script><script type="text/javascript"  src="/javascript/vendor/devexpress-23.1.7/dx.all.js" ></script><script type="text/javascript"  src="/javascript/vendor/devexpress-23.1.7/localization/dx.messages.de.js" ></script><script type="text/javascript"  src="/javascript/app-form.js" ></script><script type="text/javascript"  nonce="23TEBXJ9" >let $body=$("body");function dbGet(b,a,c){"function"==typeof a&&(c=a,a={});return $.ajax({url:b,data:a,headers:{"X-DOCBOX-AJAX":"1"},success:c,error:ajaxHandleSessionError})}function dbPost(b,a,c,d){"function"==typeof a&&(c=a,a={});return $.ajax({url:b,data:a,method:"POST",headers:{"X-DOCBOX-AJAX":"1"},success:c,dataType:d,error:ajaxHandleSessionError})}
function ajaxHandleSessionError(b){if(401==b.status)return displayErrorMessage("Session abgelaufen bitte erneut anmelden"),window.setTimeout(()=>{let a=new URL("/login",window.location);a.searchParams.set("redirect",window.location.pathname+window.location.search);window.location=a},5E3),!0};

/*
 js-cookie v3.0.5 | MIT */
!function(d,h){"object"==typeof exports&&"undefined"!=typeof module?module.exports=h():"function"==typeof define&&define.amd?define(h):(d="undefined"!=typeof globalThis?globalThis:d||self,function(){var a=d.Cookies,e=d.Cookies=h();e.noConflict=function(){return d.Cookies=a,e}}())}(this,function(){function d(h){for(var a=1;a<arguments.length;a++){var e=arguments[a],k;for(k in e)h[k]=e[k]}return h}return function k(a,e){function n(b,l,c){if("undefined"!=typeof document){"number"==typeof(c=d({},e,c)).expires&&
(c.expires=new Date(Date.now()+864E5*c.expires));c.expires&&(c.expires=c.expires.toUTCString());b=encodeURIComponent(b).replace(/%(2[346B]|5E|60|7C)/g,decodeURIComponent).replace(/[()]/g,escape);var g="",f;for(f in c)c[f]&&(g+="; "+f,!0!==c[f]&&(g+="="+c[f].split(";")[0]));return document.cookie=b+"="+a.write(l,b)+g}}return Object.create({set:n,get:function(b){if("undefined"!=typeof document&&(!arguments.length||b)){for(var l=document.cookie?document.cookie.split("; "):[],c={},g=0;g<l.length;g++){var f=
l[g].split("="),p=f.slice(1).join("=");try{var m=decodeURIComponent(f[0]);if(c[m]=a.read(p,m),b===m)break}catch(q){}}return b?c[b]:c}},remove:function(b,l){n(b,"",d({},l,{expires:-1}))},withAttributes:function(b){return k(this.converter,d({},this.attributes,b))},withConverter:function(b){return k(d({},this.converter,b),this.attributes)}},{attributes:{value:Object.freeze(e)},converter:{value:Object.freeze(a)}})}({read:function(a){return'"'===a[0]&&(a=a.slice(1,-1)),a.replace(/(%[\dA-F]{2})+/gi,decodeURIComponent)},
write:function(a){return encodeURIComponent(a).replace(/%(2[346BF]|3[AC-F]|40|5[BDE]|60|7[BCD])/g,decodeURIComponent)}},{path:"/"})});

</script></footer></body></html>
